// Jest Snapshot v1, https://goo.gl/fbAQLP

exports[`error rendering handles exceptions 1`] = `
"  <red>✕</> gonna throw

    TypeError: value is not a function

    </> <gray> 12 | </></>
    </> <gray> 13 | </><cyan>function</> buggy(value) {</>
    </><red><bold>></></><gray> 14 | </>  value()<yellow>;</></>
    </> <gray>    | </>  <red><bold>^</></></>
    </> <gray> 15 | </>}</>
    </> <gray> 16 | </></>

      <dim>at buggy (</>type-error.test.js<dim>:14:3)</>
      <dim>at Test.<anonymous> (</>type-error.test.js<dim>:5:3)</>



"
`;
